// Jest Snapshot v1, https://goo.gl/fbAQLP

exports[`SignUp should not render if value is true 1`] = `
<div role="dialog" class="v-dialog__container">
  <div role="document" tabindex="0" class="v-dialog__content v-dialog__content--active" style="z-index: 202;">
    <transition-stub name="dialog-transition" appear="true">
      <div class="v-dialog v-dialog--active v-dialog--persistent" style="transform-origin: center center; max-width: 600px;">
        <div class="v-card v-sheet theme--light">
          <div class="v-card__title primary white--text">Inscription Ã  Propera</div>
          <div class="container container--fluid grid-list-md">
            <div class="layout wrap">
              <div class="v-input theme--light v-text-field">
                <div class="v-input__control">
                  <div class="v-input__slot">
                    <div class="v-text-field__slot"><label for="input-15" class="v-label theme--light" style="left: 0px; position: absolute;">Nom complet</label><input required="required" data-cy="signUpFullName" autofocus="autofocus" id="input-15" type="text"></div>
                  </div>
                  <div class="v-text-field__details">
                    <div class="v-messages theme--light">
                      <transition-group-stub tag="div" name="message-transition" class="v-messages__wrapper"></transition-group-stub>
                    </div>
                  </div>
                </div>
              </div>
            </div>
            <div class="layout row">
              <div class="v-input theme--light v-text-field">
                <div class="v-input__control">
                  <div class="v-input__slot">
                    <div class="v-text-field__slot"><label for="input-18" class="v-label theme--light" style="left: 0px; position: absolute;">email</label><input required="required" data-cy="signUpEmail" id="input-18" type="text"></div>
                  </div>
                  <div class="v-text-field__details">
                    <div class="v-messages theme--light">
                      <transition-group-stub tag="div" name="message-transition" class="v-messages__wrapper"></transition-group-stub>
                    </div>
                  </div>
                </div>
              </div>
            </div>
            <div class="layout row">
              <div class="v-input theme--light v-text-field">
                <div class="v-input__control">
                  <div class="v-input__slot">
                    <div class="v-text-field__slot"><label for="input-21" class="v-label theme--light" style="left: 0px; position: absolute;">Mot de passe</label><input required="required" data-cy="signUpPassword" id="input-21" type="password"></div>
                  </div>
                  <div class="v-text-field__details">
                    <div class="v-messages theme--light">
                      <transition-group-stub tag="div" name="message-transition" class="v-messages__wrapper"></transition-group-stub>
                    </div>
                  </div>
                </div>
              </div>
            </div>
          </div>
          <div class="v-card__actions tertiary">
            <div class="spacer"></div> <button type="button" class="v-btn v-btn--flat v-btn--text theme--light v-size--default primary--text" data-cy="signUpCancel"><span class="v-btn__content">
        Annuler
      </span></button> <button type="button" disabled="disabled" class="v-btn v-btn--disabled v-btn--flat v-btn--loading v-btn--text theme--light v-size--default" data-cy="signUpOk"><span class="v-btn__content">S'inscrire</span><span class="v-btn__loader"><div role="progressbar" aria-valuemin="0" aria-valuemax="100" class="v-progress-circular v-progress-circular--indeterminate" style="height: 23px; width: 23px;"><svg xmlns="http://www.w3.org/2000/svg" viewBox="21.904761904761905 21.904761904761905 43.80952380952381 43.80952380952381" style="transform: rotate(0deg);"><circle fill="transparent" cx="43.80952380952381" cy="43.80952380952381" r="20" stroke-width="3.8095238095238093" stroke-dasharray="125.664" stroke-dashoffset="125.66370614359172px" class="v-progress-circular__overlay"></circle></svg><div class="v-progress-circular__info"></div></div></span></button>
          </div>
        </div>
      </div>
    </transition-stub>
  </div>
</div>
`;

exports[`SignUp should not render if value isn't passed 1`] = `
<div role="dialog" class="v-dialog__container">
  <!---->
</div>
`;
